Loading checkpoint shards: 100%|██████████| 3/3 [02:13<00:00, 55.32s/it]Loading checkpoint shards: 100%|██████████| 3/3 [02:13<00:00, 44.41s/it]
Setting `pad_token_id` to `eos_token_id`:2 for open-end generation.
Traceback (most recent call last):
  File "/home/navpc24/Desktop/variable_naming_service/venv/bin/uvicorn", line 8, in <module>
    sys.exit(main())
  File "/home/navpc24/Desktop/variable_naming_service/venv/lib/python3.10/site-packages/click/core.py", line 1161, in __call__
    return self.main(*args, **kwargs)
  File "/home/navpc24/Desktop/variable_naming_service/venv/lib/python3.10/site-packages/click/core.py", line 1082, in main
    rv = self.invoke(ctx)
  File "/home/navpc24/Desktop/variable_naming_service/venv/lib/python3.10/site-packages/click/core.py", line 1443, in invoke
    return ctx.invoke(self.callback, **ctx.params)
  File "/home/navpc24/Desktop/variable_naming_service/venv/lib/python3.10/site-packages/click/core.py", line 788, in invoke
    return __callback(*args, **kwargs)
  File "/home/navpc24/Desktop/variable_naming_service/venv/lib/python3.10/site-packages/uvicorn/main.py", line 409, in main
    run(
  File "/home/navpc24/Desktop/variable_naming_service/venv/lib/python3.10/site-packages/uvicorn/main.py", line 575, in run
    server.run()
  File "/home/navpc24/Desktop/variable_naming_service/venv/lib/python3.10/site-packages/uvicorn/server.py", line 65, in run
    return asyncio.run(self.serve(sockets=sockets))
  File "/usr/lib/python3.10/asyncio/runners.py", line 44, in run
    return loop.run_until_complete(main)
  File "/usr/lib/python3.10/asyncio/base_events.py", line 649, in run_until_complete
    return future.result()
  File "/home/navpc24/Desktop/variable_naming_service/venv/lib/python3.10/site-packages/uvicorn/server.py", line 69, in serve
    await self._serve(sockets)
  File "/home/navpc24/Desktop/variable_naming_service/venv/lib/python3.10/site-packages/uvicorn/server.py", line 76, in _serve
    config.load()
  File "/home/navpc24/Desktop/variable_naming_service/venv/lib/python3.10/site-packages/uvicorn/config.py", line 433, in load
    self.loaded_app = import_from_string(self.app)
  File "/home/navpc24/Desktop/variable_naming_service/venv/lib/python3.10/site-packages/uvicorn/importer.py", line 19, in import_from_string
    module = importlib.import_module(module_str)
  File "/usr/lib/python3.10/importlib/__init__.py", line 126, in import_module
    return _bootstrap._gcd_import(name[level:], package, level)
  File "<frozen importlib._bootstrap>", line 1050, in _gcd_import
  File "<frozen importlib._bootstrap>", line 1027, in _find_and_load
  File "<frozen importlib._bootstrap>", line 1006, in _find_and_load_unlocked
  File "<frozen importlib._bootstrap>", line 688, in _load_unlocked
  File "<frozen importlib._bootstrap_external>", line 883, in exec_module
  File "<frozen importlib._bootstrap>", line 241, in _call_with_frames_removed
  File "/home/navpc24/Desktop/variable_naming_service/app/main.py", line 6, in <module>
    from app.api import routes
  File "/home/navpc24/Desktop/variable_naming_service/app/api/routes.py", line 3, in <module>
    from app.services.naming_service import NamingService
  File "/home/navpc24/Desktop/variable_naming_service/app/services/naming_service.py", line 6, in <module>
  File "/home/navpc24/Desktop/variable_naming_service/app/services/llm_abbreviator.py", line 137, in <module>
  File "/home/navpc24/Desktop/variable_naming_service/app/services/llm_abbreviator.py", line 93, in get_abbreviation_from_llm_local
    data = json.loads(clean_json_str)
  File "/usr/lib/python3.10/json/__init__.py", line 346, in loads
    return _default_decoder.decode(s)
  File "/usr/lib/python3.10/json/decoder.py", line 337, in decode
    obj, end = self.raw_decode(s, idx=_w(s, 0).end())
  File "/usr/lib/python3.10/json/decoder.py", line 353, in raw_decode
    obj, end = self.scan_once(s, idx)
json.decoder.JSONDecodeError: Expecting property name enclosed in double quotes: line 4 column 3 (char 260)
INFO:     Started server process [121704]
INFO:     Waiting for application startup.
INFO:     Application startup complete.
INFO:     Uvicorn running on http://0.0.0.0:8000 (Press CTRL+C to quit)
